[dogedoogha.wordpress.com/index.html]
[backblue.gif]
[fade.gif]
[index.html]
[dogedoogha.wordpress.com/wp-content/blog-plugins/marketing-bar/css/marketing-barb6f2.css]
[dogedoogha.wordpress.com/feed/index.html]
[dogedoogha.wordpress.com/wp-content/js/rlt-proxye978.js]
[dogedoogha.wordpress.com/comments/feed/index.html]
[dogedoogha.wordpress.com/xmlrpc0db0.php]
[dogedoogha.wordpress.com/_static/indexe9f0.html]
[s2.wp.com/i/webclip31a6.png]
[dogedoogha.wordpress.com/osd.xml]
[s1.wp.com/wp-content/plugins/gutenberg-core/v22.4.0/build/modules/interactivity/index.min2ada.js]
[dogedoogha.wordpress.com/about/index.html]
[s1.wp.com/wp-content/plugins/gutenberg-core/v22.4.0/build/modules/block-library/navigation/view.min7cbd.js]
[dogedoogha.wordpress.com/2026/01/25/the-arrow-flew-straight-to-its-target-quickly-and-accurately-today/index.html]
[dogedoogha.wordpress.com/2026/01/25/the-book-is-whose-cover-is-very-attractive-and-colorful/index.html]
[dogedoogha.wordpress.com/2026/01/25/she-acted-unlike-her-usual-calm-self-today/index.html]
[dogedoogha.wordpress.com/2026/01/25/the-text-is-very-short/index.html]
[dogedoogha.wordpress.com/2026/01/25/she-won-the-big-prize/index.html]
[dogedoogha.wordpress.com/2026/01/25/he-family-celebrated-her-special-birthday-with-love/index.html]
[dogedoogha.wordpress.com/2026/01/25/australia-is-a-very-beautiful-country/index.html]
[dogedoogha.wordpress.com/2026/01/25/hello-world/index.html]
[dogedoogha.wordpress.com/wp-content/mu-plugins/gravatar-hovercards/wpgrohoe8bd.js]
[stats.wp.com/wa3f3.js]
[pixel.wp.com/b0b80.gif]
[dogedoogha.wordpress.com/index.html]
[dogedoogha.wordpress.com/wp-content/js/bilmur.min6153.js]
[dogedoogha.wordpress.com/wp-content/blog-plugins/marketing-bar/images/wpcom-mark.svg]
[dogedoogha.wordpress.com/wp-content/blog-plugins/marketing-bar/images/jp-app.svg]
[dogedoogha.wordpress.com/wp-content/blog-plugins/marketing-bar/css/marketing-barb6f2.css]
[dogedoogha.wordpress.com/_static/indexd02a.html]
[dogedoogha.wordpress.com/_static/indexe9f0.html]
[dogedoogha.wordpress.com/wp-content/themes/h4/globalf753.css]
[dogedoogha.wordpress.com/about/index.html]
[dogedoogha.wordpress.com/wp-content/mu-plugins/comment-likes/js/comment-likes9835.js]
[dogedoogha.wordpress.com/_static/index3992.html]
[dogedoogha.wordpress.com/wp-content/mu-plugins/jetpack-mu-wpcom-plugin/moon/jetpack_vendor/automattic/jetpack-mu-wpcom/src/build/verbum-comments/verbum-commentsedf9.css]
[dogedoogha.wordpress.com/_static/index5272.html]
[dogedoogha.wordpress.com/about/feed/index.html]
[widgets.wp.com/verbum-block-editor/block-editor55e2.css]
[dogedoogha.wordpress.com/2026/01/25/the-arrow-flew-straight-to-its-target-quickly-and-accurately-today/feed/index.html]
[s1.wp.com/wp-content/plugins/gutenberg-core/v22.4.0/build/scripts/hooks/index.min3965.js]
[dogedoogha.wordpress.com/_static/index9cb4.html]
[s1.wp.com/wp-content/plugins/gutenberg-core/v22.4.0/build/scripts/i18n/index.minccea.js]
[dogedoogha.wordpress.com/_static/index8723.html]
[dogedoogha.wordpress.com/wp-content/mu-plugins/jetpack-mu-wpcom-plugin/moon/jetpack_vendor/automattic/jetpack-mu-wpcom/src/build/verbum-comments/assets/dynamic-loader525e.js]
[dogedoogha.wordpress.com/2026/01/25/the-arrow-flew-straight-to-its-target-quickly-and-accurately-today/index.html]
[dogedoogha.wordpress.com/2026/01/25/the-book-is-whose-cover-is-very-attractive-and-colorful/index.html]
[dogedoogha.wordpress.com/2026/01/25/she-acted-unlike-her-usual-calm-self-today/index.html]
[dogedoogha.wordpress.com/_static/index5abb.html]
[dogedoogha.wordpress.com/_static/index5d74.html]
[dogedoogha.wordpress.com/2026/01/25/the-text-is-very-short/index.html]
[dogedoogha.wordpress.com/2026/01/25/the-book-is-whose-cover-is-very-attractive-and-colorful/feed/index.html]
[dogedoogha.wordpress.com/2026/01/25/she-won-the-big-prize/index.html]
[dogedoogha.wordpress.com/2026/01/25/she-acted-unlike-her-usual-calm-self-today/feed/index.html]
[dogedoogha.wordpress.com/2026/01/25/he-family-celebrated-her-special-birthday-with-love/index.html]
[dogedoogha.wordpress.com/2026/01/25/australia-is-a-very-beautiful-country/index.html]
[dogedoogha.wordpress.com/2026/01/25/the-text-is-very-short/feed/index.html]
[dogedoogha.wordpress.com/2026/01/25/hello-world/index.html]
[dogedoogha.wordpress.com/2026/01/25/she-won-the-big-prize/feed/index.html]
[dogedoogha.wordpress.com/wp-content/blog-plugins/marketing-bar/images/wpcom-mark.svg]
[dogedoogha.wordpress.com/2026/01/25/he-family-celebrated-her-special-birthday-with-love/feed/index.html]
[dogedoogha.wordpress.com/wp-content/blog-plugins/marketing-bar/images/jp-app.svg]
[dogedoogha.wordpress.com/wp-content/blog-plugins/marketing-bar/images/arrow.svg]
[dogedoogha.wordpress.com/2026/01/25/australia-is-a-very-beautiful-country/feed/index.html]
[dogedoogha.wordpress.com/_static/index7d4a.html]
[dogedoogha.wordpress.com/_static/index3992.html]
[dogedoogha.wordpress.com/2026/01/25/hello-world/feed/index.html]
[dogedoogha.wordpress.com/i/noticons/Noticonsd41d.eot]
[dogedoogha.wordpress.com/i/noticons/Noticons.ttf]
[dogedoogha.wordpress.com/_static/index5272.html]
[dogedoogha.wordpress.com/_static/index9cb4.html]
[dogedoogha.wordpress.com/i/noticons/Noticons.svg]
[s0.wp.com/i/loading/dark-200.gif]
[dogedoogha.wordpress.com/wp-content/mu-plugins/jetpack-mu-wpcom-plugin/moon/jetpack_vendor/automattic/jetpack-mu-wpcom/src/build/verbum-comments/verbum-commentsedf9.css]
[widgets.wp.com/verbum-block-editor/block-editor55e2.css]
[dogedoogha.wordpress.com/_static/index8723.html]
[dogedoogha.wordpress.com/2026/01/25/the-arrow-flew-straight-to-its-target-quickly-and-accurately-today/index9a7b.html]
[dogedoogha.wordpress.com/2026/01/25/the-arrow-flew-straight-to-its-target-quickly-and-accurately-today/index5a58.html]
[dogedoogha.wordpress.com/2026/01/25/the-book-is-whose-cover-is-very-attractive-and-colorful/index9a7b.html]
[dogedoogha.wordpress.com/2026/01/25/the-book-is-whose-cover-is-very-attractive-and-colorful/index5a58.html]
[dogedoogha.wordpress.com/2026/01/25/she-acted-unlike-her-usual-calm-self-today/index9a7b.html]
[dogedoogha.wordpress.com/2026/01/25/she-acted-unlike-her-usual-calm-self-today/index5a58.html]
[dogedoogha.wordpress.com/2026/01/25/the-text-is-very-short/index9a7b.html]
[dogedoogha.wordpress.com/2026/01/25/the-text-is-very-short/index5a58.html]
[dogedoogha.wordpress.com/2026/01/25/she-won-the-big-prize/index9a7b.html]
[dogedoogha.wordpress.com/2026/01/25/she-won-the-big-prize/index5a58.html]
[dogedoogha.wordpress.com/2026/01/25/he-family-celebrated-her-special-birthday-with-love/index9a7b.html]
[dogedoogha.wordpress.com/2026/01/25/he-family-celebrated-her-special-birthday-with-love/index5a58.html]
[dogedoogha.wordpress.com/2026/01/25/australia-is-a-very-beautiful-country/index9a7b.html]
[dogedoogha.wordpress.com/2026/01/25/australia-is-a-very-beautiful-country/index5a58.html]
[dogedoogha.wordpress.com/i/noticons/Noticons.svg]
[0.gravatar.com/js/hovercards/hovercards.min7b4d.js]
